<html>
<body>
<pre>
<h1>µVision Build Log</h1>
<h2>Project:</h2>
C:\Users\Holmes\Desktop\USART\USER\usart.uvproj
Project File Date:  04/23/2015

<h2>Output:</h2>
Rebuild target 'UASRT'
compiling main.c...
stm32f10x.h(96): error:  #35: #error directive: "Please select first the target STM32F10x device used in your application (in stm32f10x.h file)"
compiling stm32f10x_it.c...
stm32f10x.h(96): error:  #35: #error directive: "Please select first the target STM32F10x device used in your application (in stm32f10x.h file)"
compiling system_stm32f10x.c...
stm32f10x.h(96): error:  #35: #error directive: "Please select first the target STM32F10x device used in your application (in stm32f10x.h file)"
assembling startup_stm32f10x_hd.s...
compiling core_cm3.c...
compiling stm32f10x_gpio.c...
..\USER\stm32f10x.h(96): error:  #35: #error directive: "Please select first the target STM32F10x device used in your application (in stm32f10x.h file)"
compiling stm32f10x_rcc.c...
..\USER\stm32f10x.h(96): error:  #35: #error directive: "Please select first the target STM32F10x device used in your application (in stm32f10x.h file)"
compiling stm32f10x_usart.c...
..\USER\stm32f10x.h(96): error:  #35: #error directive: "Please select first the target STM32F10x device used in your application (in stm32f10x.h file)"
".\usart.axf" - 6 Errors, 0 Warning(s).
Target not created
Rebuild target 'UASRT'
compiling main.c...
stm32f10x_conf.h(28): error:  #5: cannot open source input file "stm32f10x_adc.h": No such file or directory
compiling stm32f10x_it.c...
stm32f10x_conf.h(28): error:  #5: cannot open source input file "stm32f10x_adc.h": No such file or directory
compiling system_stm32f10x.c...
stm32f10x_conf.h(28): error:  #5: cannot open source input file "stm32f10x_adc.h": No such file or directory
assembling startup_stm32f10x_hd.s...
compiling core_cm3.c...
compiling stm32f10x_gpio.c...
..\USER\stm32f10x_conf.h(28): error:  #5: cannot open source input file "stm32f10x_adc.h": No such file or directory
compiling stm32f10x_rcc.c...
..\USER\stm32f10x_conf.h(28): error:  #5: cannot open source input file "stm32f10x_adc.h": No such file or directory
compiling stm32f10x_usart.c...
..\USER\stm32f10x_conf.h(28): error:  #5: cannot open source input file "stm32f10x_adc.h": No such file or directory
".\usart.axf" - 6 Errors, 0 Warning(s).
Target not created
Rebuild target 'UASRT'
compiling main.c...
compiling stm32f10x_it.c...
compiling system_stm32f10x.c...
assembling startup_stm32f10x_hd.s...
compiling core_cm3.c...
compiling stm32f10x_gpio.c...
compiling stm32f10x_rcc.c...
compiling stm32f10x_usart.c...
linking...
Program Size: Code=840 RO-data=336 RW-data=20 ZI-data=1636  
".\usart.axf" - 0 Errors, 0 Warning(s).
Rebuild target 'UASRT'
compiling main.c...
main.c(11): warning:  #1-D: last line of file ends without a newline
main.c(9): warning:  #177-D: variable "GPIO_InitStructure" was declared but never referenced
compiling stm32f10x_it.c...
compiling system_stm32f10x.c...
assembling startup_stm32f10x_hd.s...
compiling core_cm3.c...
compiling stm32f10x_gpio.c...
compiling stm32f10x_rcc.c...
compiling stm32f10x_usart.c...
linking...
Program Size: Code=844 RO-data=336 RW-data=20 ZI-data=1636  
".\usart.axf" - 0 Errors, 2 Warning(s).
Rebuild target 'UASRT'
compiling main.c...
main.c(9): warning:  #177-D: variable "GPIO_InitStructure" was declared but never referenced
compiling stm32f10x_it.c...
compiling system_stm32f10x.c...
assembling startup_stm32f10x_hd.s...
compiling core_cm3.c...
compiling stm32f10x_gpio.c...
compiling stm32f10x_rcc.c...
compiling stm32f10x_usart.c...
linking...
Program Size: Code=844 RO-data=336 RW-data=20 ZI-data=1636  
".\usart.axf" - 0 Errors, 1 Warning(s).
Rebuild target 'UASRT'
compiling main.c...
main.c(4): warning:  #177-D: variable "GPIO_InitStructure" was declared but never referenced
compiling stm32f10x_it.c...
compiling system_stm32f10x.c...
assembling startup_stm32f10x_hd.s...
compiling core_cm3.c...
compiling stm32f10x_gpio.c...
compiling stm32f10x_rcc.c...
compiling stm32f10x_usart.c...
linking...
Program Size: Code=840 RO-data=336 RW-data=20 ZI-data=1636  
FromELF: creating hex file...
"..\OBJ\usart.axf" - 0 Errors, 1 Warning(s).
Rebuild target 'UASRT'
compiling main.c...
main.c(4): warning:  #177-D: variable "GPIO_InitStructure" was declared but never referenced
compiling stm32f10x_it.c...
compiling system_stm32f10x.c...
assembling startup_stm32f10x_hd.s...
compiling core_cm3.c...
compiling stm32f10x_gpio.c...
compiling stm32f10x_rcc.c...
compiling stm32f10x_usart.c...
linking...
Program Size: Code=840 RO-data=336 RW-data=20 ZI-data=1636  
FromELF: creating hex file...
"..\OBJ\usart.axf" - 0 Errors, 1 Warning(s).
