<html>
<body>
<pre>
<h1>µVision Build Log</h1>
<h2>Project:</h2>
C:\Users\Holmes\Desktop\new\USER\hello.uvproj
Project File Date:  04/18/2015

<h2>Output:</h2>
Rebuild target 'Target 1'
compiling main.c...
stm32f10x_conf.h(28): error:  #5: cannot open source input file "stm32f10x_adc.h": No such file or directory
compiling stm32f10x_it.c...
stm32f10x_conf.h(28): error:  #5: cannot open source input file "stm32f10x_adc.h": No such file or directory
compiling system_stm32f10x.c...
stm32f10x_conf.h(28): error:  #5: cannot open source input file "stm32f10x_adc.h": No such file or directory
compiling core_cm3.c...
assembling startup_stm32f10x_hd.s...
compiling stm32f10x_gpio.c...
..\STM32_FWLIB\src\stm32f10x_gpio.c(23): error:  #5: cannot open source input file "stm32f10x_gpio.h": No such file or directory
compiling stm32f10x_rcc.c...
..\STM32_FWLIB\src\stm32f10x_rcc.c(23): error:  #5: cannot open source input file "stm32f10x_rcc.h": No such file or directory
"..\OBJ\hello.axf" - 5 Errors, 0 Warning(s).
Target not created
Rebuild target 'Target 1'
compiling main.c...
stm32f10x_conf.h(28): error:  #5: cannot open source input file "stm32f10x_adc.h": No such file or directory
compiling stm32f10x_it.c...
stm32f10x_conf.h(28): error:  #5: cannot open source input file "stm32f10x_adc.h": No such file or directory
compiling system_stm32f10x.c...
stm32f10x_conf.h(28): error:  #5: cannot open source input file "stm32f10x_adc.h": No such file or directory
compiling core_cm3.c...
assembling startup_stm32f10x_hd.s...
compiling stm32f10x_gpio.c...
..\STM32_FWLIB\src\stm32f10x_gpio.c(23): error:  #5: cannot open source input file "stm32f10x_gpio.h": No such file or directory
compiling stm32f10x_rcc.c...
..\STM32_FWLIB\src\stm32f10x_rcc.c(23): error:  #5: cannot open source input file "stm32f10x_rcc.h": No such file or directory
"..\OBJ\hello.axf" - 5 Errors, 0 Warning(s).
Target not created
Rebuild target 'Target 1'
compiling main.c...
stm32f10x_conf.h(39): error:  #5: cannot open source input file "stm32f10x_gpio.h": No such file or directory
compiling stm32f10x_it.c...
stm32f10x_conf.h(39): error:  #5: cannot open source input file "stm32f10x_gpio.h": No such file or directory
compiling system_stm32f10x.c...
stm32f10x_conf.h(39): error:  #5: cannot open source input file "stm32f10x_gpio.h": No such file or directory
compiling core_cm3.c...
assembling startup_stm32f10x_hd.s...
compiling stm32f10x_gpio.c...
..\STM32_FWLIB\src\stm32f10x_gpio.c(23): error:  #5: cannot open source input file "stm32f10x_gpio.h": No such file or directory
compiling stm32f10x_rcc.c...
..\STM32_FWLIB\src\stm32f10x_rcc.c(23): error:  #5: cannot open source input file "stm32f10x_rcc.h": No such file or directory
"..\OBJ\hello.axf" - 5 Errors, 0 Warning(s).
Target not created
Rebuild target 'Target 1'
compiling main.c...
compiling stm32f10x_it.c...
compiling system_stm32f10x.c...
compiling core_cm3.c...
assembling startup_stm32f10x_hd.s...
compiling stm32f10x_gpio.c...
compiling stm32f10x_rcc.c...
linking...
Program Size: Code=840 RO-data=336 RW-data=20 ZI-data=1636  
FromELF: creating hex file...
"..\OBJ\hello.axf" - 0 Errors, 0 Warning(s).
Rebuild target 'Target 1'
compiling main.c...
main.c(5): warning:  #223-D: function "RCC_APB2PeriphClockCmd" declared implicitly
main.c(5): error:  #20: identifier "RCC_APB2Periph_GPIOB" is undefined
main.c(4): warning:  #177-D: variable "GPIO_InitStructure" was declared but never referenced
compiling stm32f10x_it.c...
compiling system_stm32f10x.c...
compiling core_cm3.c...
assembling startup_stm32f10x_hd.s...
compiling stm32f10x_gpio.c...
compiling stm32f10x_rcc.c...
"..\OBJ\hello.axf" - 1 Errors, 2 Warning(s).
Target not created
Rebuild target 'Target 1'
compiling main.c...
main.c(5): warning:  #223-D: function "RCC_APB2PeriphClockCmd" declared implicitly
main.c(5): error:  #20: identifier "RCC_APB2Periph_GPIOB" is undefined
compiling stm32f10x_it.c...
compiling system_stm32f10x.c...
compiling core_cm3.c...
assembling startup_stm32f10x_hd.s...
compiling stm32f10x_gpio.c...
compiling stm32f10x_rcc.c...
"..\OBJ\hello.axf" - 1 Errors, 1 Warning(s).
Target not created
